// Vitest Snapshot v1

exports[`generates show lines on the same line as the tag 1`] = `
"<pre class=\\"shiki nord\\" style=\\"background-color: #2e3440ff\\" tabindex=\\"0\\"><code><span class=\\"line line-number\\"></span>
<span class=\\"line line-number\\"><span style=\\"color: #D8DEE9\\">console</span><span style=\\"color: #ECEFF4\\">.</span><span style=\\"color: #88C0D0\\">log</span><span style=\\"color: #D8DEE9FF\\">(</span><span style=\\"color: #ECEFF4\\">&#39;</span><span style=\\"color: #A3BE8C\\">owo</span><span style=\\"color: #ECEFF4\\">&#39;</span><span style=\\"color: #D8DEE9FF\\">)</span><span style=\\"color: #81A1C1\\">;</span><span style=\\"color: #D8DEE9FF\\"> </span><span style=\\"color: #616E88\\">// [!code hl]</span></span>
<span class=\\"line\\"><span style=\\"color: #D8DEE9\\">console</span><span style=\\"color: #ECEFF4\\">.</span><span style=\\"color: #88C0D0\\">log</span><span style=\\"color: #D8DEE9FF\\">(</span><span style=\\"color: #ECEFF4\\">&#39;</span><span style=\\"color: #A3BE8C\\">owo</span><span style=\\"color: #ECEFF4\\">&#39;</span><span style=\\"color: #D8DEE9FF\\">)</span><span style=\\"color: #81A1C1\\">;</span><span style=\\"color: #D8DEE9FF\\"> </span><span style=\\"color: #616E88\\">// [!code hl]</span></span>
<span class=\\"line\\"><span style=\\"color: #D8DEE9FF\\">	</span></span></code></pre>"
`;
